// Jest Snapshot v1, https://goo.gl/fbAQLP

exports[`<App /> 01. App matches snapshot correctly 1`] = `
<DocumentFragment>
  Prueba
</DocumentFragment>
`;
